<html>
<body>
<pre>
<h1>礦ision Build Log</h1>
<h2>Project:</h2>
D:\开发工作\MyJob\STM32\YG026(2015)\新建文件夹\YG026_1T\YG026T(STM32)\MDK-ARM\Project.uvproj
Project File Date:  04/02/2015

<h2>Output:</h2>
Build target 'Project'
compiling stm32f10x_it.c...
compiling main.c...
compiling IOSetUp.c...
compiling misc.c...
compiling stm32f10x_adc.c...
compiling stm32f10x_bkp.c...
compiling stm32f10x_can.c...
compiling stm32f10x_cec.c...
compiling stm32f10x_crc.c...
compiling stm32f10x_dac.c...
compiling stm32f10x_dbgmcu.c...
compiling stm32f10x_dma.c...
compiling stm32f10x_exti.c...
compiling stm32f10x_flash.c...
compiling stm32f10x_fsmc.c...
compiling stm32f10x_gpio.c...
compiling stm32f10x_i2c.c...
compiling stm32f10x_iwdg.c...
compiling stm32f10x_pwr.c...
compiling stm32f10x_rcc.c...
compiling stm32f10x_rtc.c...
compiling stm32f10x_sdio.c...
compiling stm32f10x_spi.c...
compiling stm32f10x_tim.c...
compiling stm32f10x_usart.c...
compiling stm32f10x_wwdg.c...
compiling core_cm3.c...
compiling system_stm32f10x.c...
assembling startup_stm32f10x_hd.s...
compiling delay.c...
compiling spi.c...
compiling ad1246.c...
..\USER\SetUp\ad1246.c(105): warning:  #550-D: variable "temp" was set but never used
..\USER\SetUp\ad1246.c(130): warning:  #550-D: variable "temp" was set but never used
..\USER\SetUp\ad1246.c(183): warning:  #177-D: variable "i" was declared but never referenced
..\USER\SetUp\ad1246.c(272): warning:  #177-D: variable "v" was declared but never referenced
..\USER\SetUp\ad1246.c(272): warning:  #177-D: variable "f" was declared but never referenced
compiling USART.c...
compiling USARTData.c...
compiling Limit.c...
compiling STC15F104W.c...
compiling motoS.c...
compiling Test.c...
linking...
Program Size: Code=32756 RO-data=524 RW-data=108 ZI-data=3116  
".\Project.axf" - 0 Errors, 5 Warning(s).
Build target 'Project'
compiling stm32f10x_it.c...
compiling main.c...
compiling IOSetUp.c...
compiling misc.c...
compiling stm32f10x_adc.c...
compiling stm32f10x_bkp.c...
compiling stm32f10x_can.c...
compiling stm32f10x_cec.c...
compiling stm32f10x_crc.c...
compiling stm32f10x_dac.c...
compiling stm32f10x_dbgmcu.c...
compiling stm32f10x_dma.c...
compiling stm32f10x_exti.c...
compiling stm32f10x_flash.c...
compiling stm32f10x_fsmc.c...
compiling stm32f10x_gpio.c...
compiling stm32f10x_i2c.c...
compiling stm32f10x_iwdg.c...
compiling stm32f10x_pwr.c...
compiling stm32f10x_rcc.c...
compiling stm32f10x_rtc.c...
compiling stm32f10x_sdio.c...
compiling stm32f10x_spi.c...
compiling stm32f10x_tim.c...
compiling stm32f10x_usart.c...
compiling stm32f10x_wwdg.c...
compiling core_cm3.c...
compiling system_stm32f10x.c...
assembling startup_stm32f10x_hd.s...
compiling delay.c...
compiling spi.c...
compiling ad1246.c...
..\USER\SetUp\ad1246.c(105): warning:  #550-D: variable "temp" was set but never used
..\USER\SetUp\ad1246.c(130): warning:  #550-D: variable "temp" was set but never used
..\USER\SetUp\ad1246.c(183): warning:  #177-D: variable "i" was declared but never referenced
..\USER\SetUp\ad1246.c(272): warning:  #177-D: variable "v" was declared but never referenced
..\USER\SetUp\ad1246.c(272): warning:  #177-D: variable "f" was declared but never referenced
compiling USART.c...
compiling USARTData.c...
compiling Limit.c...
compiling STC15F104W.c...
compiling motoS.c...
compiling Test.c...
linking...
Program Size: Code=32756 RO-data=524 RW-data=108 ZI-data=3116  
".\Obj\Project.axf" - 0 Errors, 5 Warning(s).
Load "D:\\开发工作\\MyJob\\STM32\\YG026(2015)\\新建文件夹\\YG026_1T\\YG026T(STM32)\\MDK-ARM\\Obj\\Project.axf" 
Set JLink Project File to "D:\开发工作\MyJob\STM32\YG026(2015)\新建文件夹\YG026_1T\YG026T(STM32)\MDK-ARM\JLinkSettings.ini"
* JLink Info: Device "STM32F103RE" selected (512 KB flash, 64 KB RAM).
 
JLink info:
------------
DLL: V4.68a, compiled Apr 12 2013 13:26:50
Firmware: J-Link ARM V8 compiled Nov 14 2012 22:34:52
Hardware: V8.00
S/N : 270676280 
Feature(s) : RDI,FlashDL,FlashBP,JFlash,GDBFULL 
 
* JLink Info: TotalIRLen = 9, IRPrint = 0x0011
* JLink Info: TotalIRLen = 9, IRPrint = 0x0011
* JLink Info: Found Cortex-M3 r1p1, Little endian.
* JLink Info: TPIU fitted.
* JLink Info: ETM fitted.
* JLink Info: FPUnit: 6 code (BP) slots and 2 literal slots
ROMTableAddr = 0xE00FF003
* JLink Info: Found Cortex-M3 r1p1, Little endian.
* JLink Info: TPIU fitted.
* JLink Info: ETM fitted.
* JLink Info: FPUnit: 6 code (BP) slots and 2 literal slots
 
Target info:
------------
Device: STM32F103RE
VTarget = 3.313V
State of Pins: 
TCK: 1, TDI: 0, TDO: 1, TMS: 0, TRES: 1, TRST: 1
Hardware-Breakpoints: 6
Software-Breakpoints: 8192
Watchpoints:          4
JTAG speed: 2000 kHz
 
No Algorithm found for: 08000000H - 0800826BH
Erase skipped!
Build target 'Project'
compiling stm32f10x_it.c...
compiling main.c...
compiling IOSetUp.c...
compiling misc.c...
compiling stm32f10x_adc.c...
compiling stm32f10x_bkp.c...
compiling stm32f10x_can.c...
compiling stm32f10x_cec.c...
compiling stm32f10x_crc.c...
compiling stm32f10x_dac.c...
compiling stm32f10x_dbgmcu.c...
compiling stm32f10x_dma.c...
compiling stm32f10x_exti.c...
compiling stm32f10x_flash.c...
compiling stm32f10x_fsmc.c...
compiling stm32f10x_gpio.c...
compiling stm32f10x_i2c.c...
compiling stm32f10x_iwdg.c...
compiling stm32f10x_pwr.c...
compiling stm32f10x_rcc.c...
compiling stm32f10x_rtc.c...
compiling stm32f10x_sdio.c...
compiling stm32f10x_spi.c...
compiling stm32f10x_tim.c...
compiling stm32f10x_usart.c...
compiling stm32f10x_wwdg.c...
compiling core_cm3.c...
compiling system_stm32f10x.c...
assembling startup_stm32f10x_hd.s...
compiling delay.c...
compiling spi.c...
compiling ad1246.c...
..\USER\SetUp\ad1246.c(105): warning:  #550-D: variable "temp" was set but never used
..\USER\SetUp\ad1246.c(130): warning:  #550-D: variable "temp" was set but never used
..\USER\SetUp\ad1246.c(183): warning:  #177-D: variable "i" was declared but never referenced
..\USER\SetUp\ad1246.c(272): warning:  #177-D: variable "v" was declared but never referenced
..\USER\SetUp\ad1246.c(272): warning:  #177-D: variable "f" was declared but never referenced
compiling USART.c...
compiling USARTData.c...
compiling Limit.c...
compiling STC15F104W.c...
compiling motoS.c...
compiling Test.c...
linking...
Program Size: Code=32756 RO-data=524 RW-data=108 ZI-data=3116  
".\Obj\Project.axf" - 0 Errors, 5 Warning(s).
Load "D:\\开发工作\\MyJob\\STM32\\YG026(2015)\\新建文件夹\\YG026_1T\\YG026T(STM32)\\MDK-ARM\\Obj\\Project.axf" 
Set JLink Project File to "D:\开发工作\MyJob\STM32\YG026(2015)\新建文件夹\YG026_1T\YG026T(STM32)\MDK-ARM\JLinkSettings.ini"
* JLink Info: Device "STM32F103RE" selected (512 KB flash, 64 KB RAM).
 
JLink info:
------------
DLL: V4.68a, compiled Apr 12 2013 13:26:50
Firmware: J-Link ARM V8 compiled Nov 14 2012 22:34:52
Hardware: V8.00
S/N : 270676280 
Feature(s) : RDI,FlashDL,FlashBP,JFlash,GDBFULL 
 
* JLink Info: TotalIRLen = 9, IRPrint = 0x0011
* JLink Info: TotalIRLen = 9, IRPrint = 0x0011
* JLink Info: Found Cortex-M3 r1p1, Little endian.
* JLink Info: TPIU fitted.
* JLink Info: ETM fitted.
* JLink Info: FPUnit: 6 code (BP) slots and 2 literal slots
ROMTableAddr = 0xE00FF003
* JLink Info: Found Cortex-M3 r1p1, Little endian.
* JLink Info: TPIU fitted.
* JLink Info: ETM fitted.
* JLink Info: FPUnit: 6 code (BP) slots and 2 literal slots
 
Target info:
------------
Device: STM32F103RE
VTarget = 3.313V
State of Pins: 
TCK: 1, TDI: 0, TDO: 1, TMS: 0, TRES: 1, TRST: 1
Hardware-Breakpoints: 6
Software-Breakpoints: 8192
Watchpoints:          4
JTAG speed: 2000 kHz
 
Erase Done.
Programming Done.
Verify OK.
