<html>
<body>
<pre>
<h1>礦ision Build Log</h1>
<h2>Project:</h2>
D:\burning007\maxim美信\MAX30100_for_stm32\MDK-ARM\Project.uvproj
Project File Date:  05/31/2016

<h2>Output:</h2>
Rebuild target 'Project'
compiling stm32f10x_it.c...
compiling main.c...
..\USER\main.c(228): warning:  #1295-D: Deprecated declaration max10300_init - give arg types
  extern void max10300_init();
..\USER\main.c(250): warning:  #128-D: loop is not reachable
        while(1)
..\USER\main.c(736): warning:  #177-D: variable "i" was declared but never referenced
        u16 i =0;
..\USER\main.c(342): warning:  #177-D: function "i2c_Delay" was declared but never referenced
  static void i2c_Delay(void)
..\USER\main.c: 4 warnings, 0 errors
compiling misc.c...
compiling stm32f10x_adc.c...
compiling stm32f10x_bkp.c...
compiling stm32f10x_can.c...
compiling stm32f10x_cec.c...
compiling stm32f10x_crc.c...
compiling stm32f10x_dac.c...
compiling stm32f10x_dbgmcu.c...
compiling stm32f10x_dma.c...
compiling stm32f10x_exti.c...
compiling stm32f10x_flash.c...
compiling stm32f10x_fsmc.c...
compiling stm32f10x_gpio.c...
compiling stm32f10x_i2c.c...
compiling stm32f10x_iwdg.c...
compiling stm32f10x_pwr.c...
compiling stm32f10x_rcc.c...
compiling stm32f10x_rtc.c...
compiling stm32f10x_sdio.c...
compiling stm32f10x_spi.c...
compiling stm32f10x_tim.c...
compiling stm32f10x_usart.c...
compiling stm32f10x_wwdg.c...
compiling core_cm3.c...
compiling system_stm32f10x.c...
assembling startup_stm32f10x_hd.s...
compiling delay.c...
compiling USART.c...
compiling ultrasonic.c...
linking...
Program Size: Code=16864 RO-data=1144 RW-data=60 ZI-data=9220  
FromELF: creating hex file...
".\Obj\Project.axf" - 0 Error(s), 4 Warning(s).
Load "D:\\burning007\\maxim美信\\MAX30100_for_stm32\\MDK-ARM\\Obj\\Project.axf" 
Error: Flash Download failed  -  Target DLL has been cancelled
Load "D:\\burning007\\maxim美信\\MAX30100_for_stm32\\MDK-ARM\\Obj\\Project.axf" 
Erase Done.
Programming Failed!
Error: Flash Download failed  -  "Cortex-M3"
Load "D:\\burning007\\maxim美信\\MAX30100_for_stm32\\MDK-ARM\\Obj\\Project.axf" 
Erase Done.
Programming Failed!
Error: Flash Download failed  -  "Cortex-M3"
</pre>
</body>
</html>
