<html>
<body>
<pre>
<h1>礦ision Build Log</h1>
<h2>Project:</h2>
C:\Documents and Settings\Administrator\桌面\使用模拟iic_MAX30100_for_stm32\MDK-ARM\Project.uvproj
Project File Date:  08/13/2016

<h2>Output:</h2>
Build target 'Project'
compiling main.c...
..\USER\main.c(239): warning:  #177-D: variable "temp_num" was declared but never referenced
..\USER\main.c(361): warning:  #177-D: function "i2c_Delay" was declared but never referenced
linking...
Program Size: Code=18872 RO-data=1144 RW-data=60 ZI-data=17668  
FromELF: creating hex file...
".\Obj\Project.axf" - 0 Errors, 2 Warning(s).
Load "C:\\Documents and Settings\\Administrator\\桌面\\使用模拟iic_MAX30100_for_stm32\\MDK-ARM\\Obj\\Project.axf" 
Load "C:\\Documents and Settings\\Administrator\\桌面\\使用模拟iic_MAX30100_for_stm32\\MDK-ARM\\Obj\\Project.axf" 
Load "C:\\Documents and Settings\\Administrator\\桌面\\使用模拟iic_MAX30100_for_stm32\\MDK-ARM\\Obj\\Project.axf" 
Load "C:\\Documents and Settings\\Administrator\\桌面\\使用模拟iic_MAX30100_for_stm32\\MDK-ARM\\Obj\\Project.axf" 
Load "C:\\Documents and Settings\\Administrator\\桌面\\使用模拟iic_MAX30100_for_stm32\\MDK-ARM\\Obj\\Project.axf" 
Build target 'Project'
compiling main.c...
..\USER\main.c(239): warning:  #177-D: variable "temp_num" was declared but never referenced
..\USER\main.c(361): warning:  #177-D: function "i2c_Delay" was declared but never referenced
linking...
Program Size: Code=18888 RO-data=1144 RW-data=60 ZI-data=17668  
FromELF: creating hex file...
".\Obj\Project.axf" - 0 Errors, 2 Warning(s).
Load "C:\\Documents and Settings\\Administrator\\桌面\\使用模拟iic_MAX30100_for_stm32\\MDK-ARM\\Obj\\Project.axf" 
Build target 'Project'
compiling main.c...
..\USER\main.c(239): warning:  #177-D: variable "temp_num" was declared but never referenced
..\USER\main.c(361): warning:  #177-D: function "i2c_Delay" was declared but never referenced
linking...
Program Size: Code=18888 RO-data=1144 RW-data=60 ZI-data=17668  
FromELF: creating hex file...
".\Obj\Project.axf" - 0 Errors, 2 Warning(s).
Load "C:\\Documents and Settings\\Administrator\\桌面\\使用模拟iic_MAX30100_for_stm32\\MDK-ARM\\Obj\\Project.axf" 
Build target 'Project'
compiling main.c...
..\USER\main.c(239): warning:  #177-D: variable "temp_num" was declared but never referenced
..\USER\main.c(361): warning:  #177-D: function "i2c_Delay" was declared but never referenced
linking...
Program Size: Code=18888 RO-data=1144 RW-data=60 ZI-data=17668  
FromELF: creating hex file...
".\Obj\Project.axf" - 0 Errors, 2 Warning(s).
Load "C:\\Documents and Settings\\Administrator\\桌面\\使用模拟iic_MAX30100_for_stm32\\MDK-ARM\\Obj\\Project.axf" 
